AALEN
ABART
ABBAU
ABEND
ABGAS
ABORT
ABRUF
ABTEI
ABTUN
ABWEG
ABZUG
ACHSE
ACKER
ADELN
ADEPT
ADLER
AEHRE
AESEN
AGENT
AHNEN
AHORN
ALARM
ALBUM
ALIBI
ALIEN
ALPHA
ALTAR
ALTER
AMBER
AMPEL
AMSEL
ANGEL
ANGST
ANKER
ANNEX
ANODE
AORTA
APFEL
APNOE
APRIL
ARCHE
ARENA
ARGON
ARMEE
ARMUT
AROMA
ARSCH
ASCHE
ASPIK
ATLAS
ATMEN
ATOLL
AUGUR
AUTOR
AXIOM
BACKE
BAGEL
BANAL
BANDE
BARKE
BARON
BASAR
BAUCH
BAUEN
BAUER
BEBEN
BEERE
BEIDE
BEIGE
BEIZE
BELAG
BELEG
BERUF
BESEN
BESTE
BETEN
BETON
BEULE
BEUTE
BEVOR
BEZUG
BIBEL
BIBER
BIDET
BIEGE
BIENE
BIEST
BIKER
BINDE
BINSE
BIRKE
BIRNE
BISAM
BISON
BITTE
BIWAK
BLANK
BLASE
BLASS
BLATT
BLECH
BLICK
BLIND
BLITZ
BLOCK
BLOND
BLUES
BLUFF
BLUME
BODEN
BOESE
BOGEN
BOHLE
BOHNE
BOMBE
BONUS
BONZE
BORAX
BORKE
BORTE
BOXEN
BOXER
BRAND
BRAUE
BRAUN
BRAUT
BRAVO
BREIT
BRETT
BRIEF
BRISE
BRUCH
BRUST
BUCHE
BUCHT
BULLE
BULLI
BUNTE
BUSCH
BUSEN
BUSSI
CARGO
CELLO
CHAOS
CHAOT
CHEMO
CHILI
CHLOR
CHROM
CLOWN
COACH
CODEX
COUCH
CRASH
CREDO
CREME
CURRY
DABEI
DACHS
DAHER
DAHIN
DAMIT
DAMPF
DANKE
DARAN
DARIN
DARUM
DATEI
DATEN
DATIV
DATUM
DAUBE
DAUER
DAUNE
DAVON
DAVOR
DECKE
DEGEN
DEICH
DEINE
DEKAN
DELLE
DELTA
DEMUT
DENKE
DEPOT
DOLCH
DOLDE
DESTO
DEVOT
DICHT
DIELE
DIESE
DIODE
DISCO
DISKO
DOGGE
DOGMA
DOSIS
DRAHT
DRALL
DRAMA
DRANG
DRAUF
DRECK
DRESS
DRILL
DRINK
DROGE
DRUCK
DUENE
DUETT
DUELL
DUMPF
DUNST
DURCH
DURST
DUZEN
EBENE
EBNEN
ECKIG
EHERN
EHREN
EICHE
EIDAM
EIERN
EIFER
EIGEN
EILEN
EILIG
EIMER
EINEN
EINER
EINIG
EINST
EISEN
EISIG
EITEL
EITER
EKELN
EKELT
EKLAT
EKLIG
ELEND
ELFER
ELITE
EMPOR
EMSIG
ENDEN
ENDET
ENGEL
ENGEN
ENKEL
ENZYM
ERBEN
ERBIN
ERBSE
ERDEN
ERDIG
ERKER
ERNST
ERNTE
ERPEL
ERROR
ERSTE
ESCHE
ESSAY
ESSEN
ESSIG
ETAGE
ETHIK
ETHOS
ETWAS
EWIGE
EXAKT
EXTRA
FABEL
FADEN
FAHNE
FAHRT
FALKE
FALLE
FALLS
FALTE
FAMOS
FANAL
FARBE
FARCE
FASER
FATAL
FAUNA
FAUST
FEDER
FEGEN
FEHDE
FEHLT
FEIER
FEIGE
FEILE
FEIND
FEINE
FEIST
FELDE
FELGE
FERNE
FERSE
FEUER
FIBEL
FIBER
FIGUR
FILET
FINTE
FIRMA
FIXEN
FIXER
FJORD
FLACH
FLAIR
FLASH
FLAUM
FLECK
FLINK
FLIRT
FLORA
FLOSS
FLOTT
FLUCH
FLUGS
FLUSE
FLUSS
FLYER
FOKUS
FOLGE
FOLIE
FONDS
FORKE
FORST
FORUM
FOYER
FRACK
FRAGE
FREAK
FRECH
FREMD
FROMM
FRONT
FROST
FRUST
FUCHS
FUGEN
FUHRE
FUNKE
FURIE
FUROR
FUSEL
FUTON
FUTUR
GABEL
GALAN
GALLE
GANZE
GAREN
GASSE
GASSI
GATTE
GAUBE
GEBEN
GEBER
GEBET
GEBOT
GEGEN
GECKO
GEHEN
GEIER
GEIGE
GEIST
GELBE
GELEE
GENAU
GENIE
GENOM
GENRE
GENUG
GENUS
GERNE
GERTE
GESTE
GETAN
GETTO
GETUE
GICHT
GILDE
GILET
GLANZ
GLATT
GLEIS
GLIED
GNADE
GOSSE
GRABE
GREIS
GRELL
GRIFF
GRILL
GRIMM
GRIND
GRIPS
GROLL
GRUBE
GRUFT
GRUND
GRUSS
GUETE
GUMMI
GUNST
GURKE
GUSTO
GUTER
GUTES
HAARE
HABEN
HABIT
HACKE
HADER
HADES
HAFEN
HAFER
HAGEL
HAGER
HAKEN
HALBE
HALDE
HALLE
HALLO
HALSE
HAMAM
HANDY
HANSE
HAREM
HARFE
HARKE
HARTZ
HASCH
HAUBE
HAUCH
HAUEN
HAUER
HAUPT
HEBEL
HEBEN
HEBER
HECHT
HECKE
HEGEN
HEIDE
HELIX
HELLE
HENNE
HERAB
HERAN
HERBE
HERDE
HEROE
HERTZ
HERUM
HETZE
HEUER
HEUTE
HEXEN
HEXER
HIEBE
HILFE
HINZU
HIPPO
HIRSE
HIRTE
HITZE
HOBBY
HOBEL
HOCKE
HOEHE
HODEN
HOLDE
HOLEN
HONIG
HORDE
HORST
HOTEL
HUMAN
HUMOR
HUPEN
HURRA
HYMNE
IDEAL
IDIOM
IDIOT
IDYLL
IGITT
IKONE
IMAGE
IMBUS
IMKER
IMMER
IMMUN
INBUS
INDEM
INDES
INDEX
INFAM
INDIZ
INNEN
INNIG
INPUT
INSEL
INTIM
INTRO
INTUS
IRDEN
IRREN
IRRER
IRRIG
JACHT
JACKE
JAGEN
JAUSE
JEANS
JEDER
JEDES
JEHER
JENER
JENES
JETZT
JOINT
JOKER
JOULE
JUBEL
JUNGE
JUNTA
JUROR
JURTE
JUWEL
JUXEN
KABEL
KACKE
KADER
KAJAK
KAKAO
KAMEL
KAMIN
KAMPF
KANAL
KANNE
KANON
KANTE
KAPER
KAPPE
KARMA
KARRE
KARST
KARTE
KASSE
KASTE
KASUS
KATER
KATZE
KAUEN
KAYAK
KEBAB
KEGEL
KEHLE
KEHRE
KEINE
KELCH
KELLE
KELTE
KERBE
KERZE
KETTE
KEULE
KIEME
KIEPE
KIMME
KIOSK
KIPPA
KIPPE
KIRRE
KISTE
KITEN
KLAGE
KLAMM
KLANG
KLAPS
KLARE
KLAUE
KLEBE
KLEID
KLEIN
KLICK
KLIFF
KLIMA
KLIPP
KLOPF
KLOPS
KLOTZ
KLUFT
KNABE
KNACK
KNALL
KNAPP
KNAST
KNAUF
KNETE
KNICK
KNIEN
KNIFF
KNIPS
KNOFI
KNOPF
KNUFF
KNUTE
KOALA
KOBRA
KODEX
KOHLE
KOKON
KOLIK
KOMBI
KOMET
KOMIK
KOMMA
KONTO
KONUS
KOPIE
KORAN
KORSO
KOSEN
KOTAU
KOTZE
KRACH
KRAFT
KRAKE
KRAMS
KRANK
KRASS
KRAUS
KRAUT
KREBS
KREDO
KREIS
KREUZ
KRIEG
KRIMI
KRIPO
KRISE
KRONE
KROPF
KROSS
KRUDE
KRUME
KRUMM
KUBUS
KUGEL
KUHLE
KUNDE
KUNST
KUPON
KUPPE
KURIE
KURVE
KUTTE
LABEL
LABEN
LABIL
LABOR
LACHE
LACHS
LADEN
LAERM
LAGER
LAICH
LAKEN
LAMPE
LANZE
LARVE
LASCH
LASER
LASSO
LATEX
LAUBE
LAUCH
LAUER
LAUFE
LAUGE
LAUNE
LAUTE
LEBEN
LEBER
LEDER
LEDIG
LEERE
LEGAL
LEGAT
LEGEN
LEGER
LEHNE
LEHEN
LEHRE
LEIBE
LEIER
LEINE
LEISE
LEMMA
LENDE
LEPRA
LESBE
LESEN
LESER
LETAL
LEUTE
LEVEL
LEXEM
LICHT
LIEBE
LIEGE
LIKEN
LIKES
LIMES
LIMIT
LINDE
LINIE
LINKE
LINKS
LINSE
LINUX
LIPPE
LISTE
LITER
LITZE
LOBBY
LOBEN
LOCAL
LOCKE
LOEWE
LOCUS
LOGIK
LOKAL
LOKUS
LOSEN
LOSER
LOTSE
LOTTO
LOYAL
LUCHS
LUDER
LUEGE
LUGEN
LUMEN
LUNGE
LUNTE
LURCH
LUXUS
LYRIK
MACHE
MACHO
MACHT
MACKE
MACRO
MADIG
MAFIA
MAGEN
MAGER
MAGIC
MAGIE
MAGMA
MAGNA
MAJOR
MAKEL
MAKRO
MALAD
MALEN
MALER
MALUS
MALVE
MAMBA
MAMMA
MANGA
MANGO
MANIE
MANKO
MANNA
MAPPE
MARGE
MARKE
MARKT
MASER
MASKE
MASSE
MATCH
MATHE
MATTE
MATUR
MAUER
MEDIA
MEILE
MEISE
MEIST
MEKKA
MENGE
MENSA
MERCI
MESSE
METER
METRO
MEUTE
MIENE
MIESE
MIETE
MIKRO
MILAN
MILBE
MILCH
MILDE
MILIZ
MIMIK
MIMIN
MINOR
MINUS
MINZE
MITTE
MIXED
MIXEN
MIXER
MOBIL
MODAL
MODEL
MODER
MODUL
MODUS
MOGUL
MOEWE
MOKKA
MOLCH
MONAT
MOPED
MORAL
MOTEL
MOTIV
MOTOR
MOTTE
MOTTO
MUCKE
MUCKS
MUEHE
MUFFE
MULDE
MULTI
MUMIE
MUMPS
MUNDE
MURKS
MUSIK
MUTIG
MUTTI
MYRTE
NABEL
NACHT
NACKT
NADEL
NADIR
NAGEL
NAGEN
NAGER
NAHEN
NANNY
NARBE
NARDE
NASAL
NASCH
NATIV
NATUR
NEBEL
NEBEN
NEBST
NEGER
NEFFE
NEIGE
NETTO
NEXUS
NICHT
NIERE
NIETE
NOMEN
NONNE
NOTAR
NOTIZ
NOVUM
NUDEL
NUGAT
NUTTE
OBHUT
OCHSE
OCKER
OELEN
ODEUR
OFFEN
OHEIM
OHREN
OKAPI
OLIVE
OLDIE
OLYMP
OMEGA
ONKEL
OPERA
OPFER
OPTIK
ORDEN
ORDER
ORGAN
ORGEL
ORGIE
ORKAN
OTTER
OUTEN
OZEAN
PACHT
PAGER
PAKET
PALME
PAMPA
PAMPE
PANDA
PANEL
PANIK
PANNE
PAPPE
PAPST
PARKA
PARAT
PARTY
PASST
PASTA
PASTE
PATER
PAUKE
PAUSE
PEDAL
PEGEL
PELLE
PENIS
PENNE
PENNY
PERLE
PETZE
PFAHL
PFAND
PFEIL
PFERD
PFIFF
PFLUG
PFOTE
PFUND
PHAGE
PHASE
PHONE
PIANO
PILLE
PILOT
PIMPF
PINIE
PINKE
PINTE
PIRAT
PIROL
PISTE
PIXEL
PIZZA
PLAGE
PLANE
PLATZ
PLEBS
POCKE
POINT
POKAL
POKER
POLAR
POLKA
POLIO
POLYP
POPEL
PORTO
POSEN
POSER
POSSE
POTTE
POWER
PRALL
PREIS
PRIMA
PRINZ
PRISE
PROBE
PROFI
PROLL
PROLO
PROMI
PROSA
PROST
PROTZ
PROXY
PRUNK
PSALM
PUDEL
PUDER
PULLE
PULLI
PULPE
PUMPE
PUNCH
PUNKT
PUNZE
PUPPE
PUSSY
PUSTE
PYLON
PYRUS
QUALM
QUANT
QUARK
QUART
QUARZ
QUASI
QUEEN
QUEER
QUELL
QUERE
QUICK
QUIRL
QUOTE
RABAT
RABBI
RACHE
RADAR
RADAU
RADIO
RADIX
RADON
RAGEN
RAKEL
RAMPE
RANCH
RANDE
RANKE
RAPID
RAPPE
RASCH
RASEN
RASSE
RATEN
RATIO
RATTE
RAUCH
RAUPE
RAUTE
REALO
RECHT
RECKE
REDEN
REELL
REGAL
REGEL
REGEN
REGIE
REICH
REIFE
REIHE
REISE
RENTE
REUSE
RETRO
REVUE
RICKE
RIEFE
RIEGE
RIESE
RILLE
RINDE
RINGE
RINNE
RIPEN
RIPPE
RITUS
RITZE
ROBBE
RODEL
ROLLE
ROLLI
ROLLO
ROMAN
ROSIG
ROTTE
ROTZE
ROUTE
ROWDY
ROYAL
RUBEL
RUDEL
RUDER
RUFEN
RUHEN
RUHIG
RUINE
RUMPF
RUNDE
SACHE
SAGEN
SAHNE
SAITE
SAKKO
SALAT
SALBE
SALDO
SALON
SALTO
SALUT
SALVE
SAMEN
SANFT
SANKT
SANTA
SARDE
SATAN
SATYR
SAUCE
SAUER
SAUNA
SCHAF
SCHAH
SCHAL
SCHAM
SCHAR
SCHAU
SCHEU
SCHON
SCHOT
SCHUB
SCHUH
SCHUR
SECHS
SEELE
SEGEL
SEGEN
SEHEN
SEHER
SEHNE
SEIDE
SEIFE
SEITE
SEKTE
SELBE
SELIG
SENAT
SENSE
SENIL
SENKE
SERIE
SERUM
SICHT
SIGMA
SILBE
SINUS
SIPPE
SIRUP
SITTE
SKALA
SKALP
SKILL
SKULL
SKUNK
SKYPE
SLANG
SMART
SMSEN
SNACK
SOCKE
SODOM
SOGAR
SOHLE
SOLCH
SOMIT
SONAR
SONDE
SONNE
SONOR
SONST
SOOFT
SORGE
SORRY
SORTE
SOSSE
SOUND
SOWAS
SOWIE
SPACE
SPALT
SPASS
SPATZ
SPECK
SPEER
SPELZ
SPIEL
SPIND
SPINN
SPION
SPITZ
SPLIT
SPORE
SPORT
SPOTT
SPREU
SPRIT
SPULE
SPUND
SPURT
STAAT
STAHL
STALL
STAMM
STAND
STARK
STARR
STATT
STAUB
STEAK
STEIF
STEIG
STEIL
STEIN
STELE
STENO
STENT
STERN
STETS
STICH
STIEL
STIER
STIFT
STIRN
STOCK
STOFF
STOLZ
STOMA
STOPP
STORE
STORY
STREU
STROH
STROM
STUBE
STUCK
STUFE
STUHL
STUMM
STUNK
STUPS
STURM
STURZ
STUSS
STUTE
STYLE
SUCHE
SUCHT
SUITE
SUMME
SUMPF
SUPER
SUPPE
SZENE
TABAK
TACHO
TADEL
TAFEL
TAIGA
TALER
TANGA
TANGO
TANNE
TANTE
TAPET
TAPIR
TARIF
TASSE
TASTE
TATAR
TATEN
TATZE
TAUBE
TAUEN
TAUFE
TEDDY
TEICH
TEILS
TELEX
TELKO
TEMPO
TENNE
TENOR
TERRA
THEKE
THEMA
THESE
THRON
TIEFE
TIGER
TILDE
TIMER
TINTE
TISCH
TITAN
TITEL
TOAST
TOBAK
TOBEN
TOKEN
TONNE
TONUS
TOPAS
TORSO
TORTE
TOSEN
TOTAL
TOTEM
TOURI
TOXIN
TRAFO
TRAKT
TRAMP
TRANK
TRARA
TRASH
TRAUM
TREBE
TRECK
TREFF
TREND
TREUE
TRIAS
TRICK
TRIEB
TRIST
TRITT
TROLL
TROPF
TROSS
TROST
TROTT
TROTZ
TRUCK
TRUHE
TRUNK
TRUPP
TUELL
TUERE
TULPE
TUMOR
TUNKE
TUNTE
TUPEL
TURBO
TUSSI
TUTEN
TUTOR
TWEET
UEBEL
UEBEN
TWIST
UBOOT
ULKIG
ULTRA
UMBAU
UMBRA
UMWEG
UNART
UNFUG
UNGUT
UNION
UNKEN
UNMUT
UNRAT
UNSER
UNTAT
UNTEN
UNTER
UNTOT
URAHN
URALT
URBAN
URBAR
URTYP
VAPEN
VATER
VENUS
VERVE
VIELE
VIERT
VILLA
VINYL
VIOLA
VIPER
VIRAL
VIRUS
VISUM
VITRO
VLIES
VOCAL
VOGEL
VOKAL
VOLTE
VORAB
VORAN
VORIG
VORNE
VOTUM
VULVA
WAAGE
WACHE
WACHS
WACHT
WAFFE
WAGEN
WAGON
WAHRE
WAISE
WALTE
WALZE
WAMPE
WANGE
WANNE
WANZE
WAREN
WARUM
WARZE
WATCH
WATEN
WATTE
WEBEN
WEBER
WEDEL
WEDER
WEGEN
WEHEN
WEICH
WEIDE
WEIHE
WEILE
WEISE
WEITE
WELLE
WELPE
WENDE
WENIG
WERDE
WERFT
WESEN
WESSI
WESTE
WETTE
WICHS
WICHT
WIDER
WIEGE
WIESE
WIESN
WIESO
WILLE
WINDE
WIPPE
WITWE
WOBEI
WOCHE
WODKA
WOHER
WOHIN
WOLKE
WOLLE
WOMIT
WONNE
WORAN
WORUM
WOVON
WRACK
WUCHT
WULST
WUMME
WUMMS
WUNDE
WURST
XENON
XYLEM
XYLIT
YACHT
ZACKE
ZAGEN
ZANGE
ZEBRA
ZECHE
ZECKE
ZEDER
ZEILE
ZELLE
ZENIT
ZEUGE
ZICKE
ZIEGE
ZILLE
ZINKE
ZINNE
ZIRBE
ZITAT
ZIVIL
ZOBEL
ZUBAU
ZUBER
ZUCHT
ZUDEM
ZUGIG
ZUMAL
ZUNFT
ZUNGE
ZURUF
ZUTAT
ZUTUN
ZUVOR
ZUZUG
ZWANG
ZWECK
ZWEIG
ZWERG
ZWIRN
ZWIST
